******************************************************************************
                  TI ARM Linker PC v18.12.4                    
******************************************************************************
>> Linked Thu Aug 13 01:39:34 2020

OUTPUT FILE NAME:   <ADAS_ECUS.out>
ENTRY POINT SYMBOL: "_c_int00_noargs"  address: 00002749


MEMORY CONFIGURATION

         name            origin    length      used     unused   attr    fill
----------------------  --------  ---------  --------  --------  ----  --------
  FLASH                 00000000   00040000  00002c6a  0003d396  R  X
  SRAM                  20000000   00008000  00000592  00007a6e  RW X


SEGMENT ALLOCATION MAP

run origin  load origin   length   init length attrs members
----------  ----------- ---------- ----------- ----- -------
00000000    00000000    00002c70   00002c70    r-x
  00000000    00000000    0000026c   0000026c    r-- .intvecs
  0000026c    0000026c    000026ea   000026ea    r-x .text
  00002958    00002958    0000023c   0000023c    r-- .const
  00002b98    00002b98    000000d8   000000d8    r-- .cinit
20000000    20000000    00000599   00000000    rw-
  20000000    20000000    0000026c   00000000    rw- .vtable
  20000270    20000270    00000200   00000000    rw- .stack
  20000470    20000470    000000b9   00000000    rw- .data
  2000052c    2000052c    0000006d   00000000    rw- .bss


SECTION ALLOCATION MAP

 output                                  attributes/
section   page    origin      length       input sections
--------  ----  ----------  ----------   ----------------
.intvecs   0    00000000    0000026c     
                  00000000    0000026c     tm4c123gh6pm_startup_ccs.obj (.intvecs)

.text      0    0000026c    000026ea     
                  0000026c    000005bc     CONTROLSUB.obj (.text)
                  00000828    000004a8     UART.obj (.text)
                  00000cd0    0000049c     uartstdio.obj (.text)
                  0000116c    000003b8     DIO.obj (.text)
                  00001524    00000360     CAN.obj (.text)
                  00001884    0000021c     LAMP.obj (.text)
                  00001aa0    00000136     driverlib.lib : can.obj (.text:CANMessageSet)
                  00001bd6    00000132                   : gpio.obj (.text:GPIOPadConfigSet)
                  00001d08    00000110                   : sysctl.obj (.text:SysCtlClockGet)
                  00001e18    0000010e                   : can.obj (.text:CANMessageGet)
                  00001f26    00000002     rtsv7M4_T_le_v4SPD16_eabi.lib : div0.asm.obj (.text)
                  00001f28    000000f4     driverlib.lib : sysctl.obj (.text:SysCtlClockSet)
                  0000201c    000000e0     ULTRASONIC.obj (.text)
                  000020fc    000000dc     SWITCH.obj (.text)
                  000021d8    000000b8     CLK.obj (.text)
                  00002290    0000009c     rtsv7M4_T_le_v4SPD16_eabi.lib : memcpy_t2.asm.obj (.text)
                  0000232c    00000070     SYSTICK.obj (.text)
                  0000239c    0000006c     driverlib.lib : can.obj (.text:CANBitRateSet)
                  00002408    00000068                   : interrupt.obj (.text:IntEnable)
                  00002470    00000068     rtsv7M4_T_le_v4SPD16_eabi.lib : copy_decompress_lzss.c.obj (.text:decompress:lzss:__TI_decompress_lzss)
                  000024d8    00000048     driverlib.lib : gpio.obj (.text:GPIOPinConfigure)
                  00002520    00000046                   : uart.obj (.text:UARTConfigSetExpClk)
                  00002566    00000002     --HOLE-- [fill = 0]
                  00002568    00000044     rtsv7M4_T_le_v4SPD16_eabi.lib : autoinit.c.obj (.text:__TI_auto_init_nobinit_nopinit:__TI_auto_init_nobinit_nopinit)
                  000025ac    00000040     driverlib.lib : can.obj (.text:CANStatusGet)
                  000025ec    00000040                   : uart.obj (.text:_UARTIntNumberGet)
                  0000262c    00000040     rtsv7M4_T_le_v4SPD16_eabi.lib : u_divt2.asm.obj (.text)
                  0000266c    0000003a     driverlib.lib : can.obj (.text:CANInit)
                  000026a6    00000002     --HOLE-- [fill = 0]
                  000026a8    00000038                   : sysctl.obj (.text:SysCtlPeripheralPresent)
                  000026e0    00000034                   : interrupt.obj (.text:IntRegister)
                  00002714    00000034                   : sysctl.obj (.text:SysCtlPeripheralEnable)
                  00002748    00000034     rtsv7M4_T_le_v4SPD16_eabi.lib : boot_cortex_m.c.obj (.text:_c_int00_noargs:_c_int00_noargs)
                  0000277c    00000030     ADAS.obj (.text)
                  000027ac    0000002a     driverlib.lib : gpio.obj (.text:GPIODirModeSet)
                  000027d6    0000002a                   : can.obj (.text:_CANDataRegRead)
                  00002800    00000024                   : can.obj (.text:_CANDataRegWrite)
                  00002824    00000022                   : can.obj (.text:CANIntClear)
                  00002846    00000020                   : can.obj (.text:CANIntStatus)
                  00002866    00000002     --HOLE-- [fill = 0]
                  00002868    00000020                   : uart.obj (.text:UARTDisable)
                  00002888    0000001c     rtsv7M4_T_le_v4SPD16_eabi.lib : copy_zero_init.c.obj (.text:decompress:ZI:__TI_zero_init_nomemset:__TI_zero_init_nomemset)
                  000028a4    00000018     driverlib.lib : uart.obj (.text:UARTIntRegister)
                  000028bc    00000014                   : uart.obj (.text:UARTEnable)
                  000028d0    00000012                   : gpio.obj (.text:GPIOPinTypeUART)
                  000028e2    0000000e                   : uart.obj (.text:UARTCharsAvail)
                  000028f0    0000000e     rtsv7M4_T_le_v4SPD16_eabi.lib : copy_decompress_none.c.obj (.text:decompress:none:__TI_decompress_none)
                  000028fe    0000000c     tm4c123gh6pm_startup_ccs.obj (.text)
                  0000290a    0000000a     driverlib.lib : can.obj (.text:CANEnable)
                  00002914    0000000a                   : uart.obj (.text:UARTCharGet)
                  0000291e    0000000a                   : uart.obj (.text:UARTCharPut)
                  00002928    00000008                   : can.obj (.text:CANIntEnable)
                  00002930    00000008                   : uart.obj (.text:UARTIntEnable)
                  00002938    00000006                   : sysctl.obj (.text:SysCtlDelay)
                  0000293e    00000006                   : uart.obj (.text:UARTClockSourceSet)
                  00002944    00000006                   : uart.obj (.text:UARTFIFOLevelSet)
                  0000294a    00000004                   : uart.obj (.text:UARTIntClear)
                  0000294e    00000004     rtsv7M4_T_le_v4SPD16_eabi.lib : pre_init.c.obj (.text:_system_pre_init)
                  00002952    00000004                                   : exit.c.obj (.text:abort:abort)

.const     0    00002958    0000023c     
                  00002958    00000090     driverlib.lib : gpio.obj (.const:g_pui32GPIOBaseAddrs)
                  000029e8    00000070                   : interrupt.obj (.const)
                  00002a58    0000006c                   : sysctl.obj (.const:g_pui32Xtals)
                  00002ac4    00000040                   : uart.obj (.const:g_ppui32UARTIntMap)
                  00002b04    00000040                   : uart.obj (.const:g_ppui32UARTIntMapSnowflake)
                  00002b44    00000020                   : can.obj (.const)
                  00002b64    00000012     uartstdio.obj (.const:.string)
                  00002b76    00000002     --HOLE-- [fill = 0]
                  00002b78    0000000c     uartstdio.obj (.const:g_ui32UARTBase)
                  00002b84    0000000c     uartstdio.obj (.const:g_ui32UARTPeriph)
                  00002b90    00000004     uartstdio.obj (.const)

.cinit     0    00002b98    000000d8     
                  00002b98    000000a2     (.cinit..data.load) [load image, compression = lzss]
                  00002c3a    00000002     --HOLE-- [fill = 0]
                  00002c3c    0000000c     (__TI_handler_table)
                  00002c48    00000008     (.cinit..bss.load) [load image, compression = zero_init]
                  00002c50    00000008     (.cinit..vtable.load) [load image, compression = zero_init]
                  00002c58    00000018     (__TI_cinit_table)

.init_array 
*          0    00000000    00000000     UNINITIALIZED

.vtable    0    20000000    0000026c     UNINITIALIZED
                  20000000    0000026c     driverlib.lib : interrupt.obj (.vtable)

.data      0    20000470    000000b9     UNINITIALIZED
                  20000470    00000018     DIO.obj (.data:ClockRelease$3)
                  20000488    00000018     DIO.obj (.data:DATA)
                  200004a0    00000018     DIO.obj (.data:DEN$6)
                  200004b8    00000018     DIO.obj (.data:DIR$5)
                  200004d0    00000018     DIO.obj (.data:LOCK$2)
                  200004e8    00000018     DIO.obj (.data:PDR)
                  20000500    00000018     DIO.obj (.data:PUR)
                  20000518    0000000c     CONTROLSUB.obj (.data)
                  20000524    00000005     uartstdio.obj (.data)

.bss       0    2000052c    0000006d     UNINITIALIZED
                  2000052c    00000014     (.common:colourCANMsg)
                  20000540    00000014     (.common:distanceCANMsg)
                  20000554    00000014     (.common:switchCANMsg)
                  20000568    00000008     (.common:UART_Data)
                  20000570    00000004     CAN.obj (.bss)
                  20000574    00000004     DIO.obj (.bss)
                  20000578    00000004     (.common:CLR_Data)
                  2000057c    00000004     (.common:DC_Data)
                  20000580    00000004     (.common:DST_Data)
                  20000584    00000004     (.common:SW_Data)
                  20000588    00000003     CONTROLSUB.obj (.bss)
                  2000058b    00000003     LAMP.obj (.bss)
                  2000058e    00000002     ULTRASONIC.obj (.bss)
                  20000590    00000001     CLK.obj (.bss)
                  20000591    00000001     SWITCH.obj (.bss)
                  20000592    00000001     SYSTICK.obj (.bss)
                  20000593    00000001     UART.obj (.bss)
                  20000594    00000001     (.common:e)
                  20000595    00000001     (.common:errFlag)
                  20000596    00000001     (.common:i)
                  20000597    00000001     (.common:rxFlag)
                  20000598    00000001     (.common:rxFlag_d)

.stack     0    20000270    00000200     UNINITIALIZED
                  20000270    00000004     rtsv7M4_T_le_v4SPD16_eabi.lib : boot_cortex_m.c.obj (.stack)
                  20000274    000001fc     --HOLE--

MODULE SUMMARY

       Module                         code   ro data   rw data
       ------                         ----   -------   -------
    .\
       CONTROLSUB.obj                 1468   0         83     
       uartstdio.obj                  1180   46        5      
       UART.obj                       1192   0         1      
       DIO.obj                        952    0         172    
       CAN.obj                        864    0         4      
       tm4c123gh6pm_startup_ccs.obj   12     620       0      
       LAMP.obj                       540    0         3      
       ULTRASONIC.obj                 224    0         2      
       SWITCH.obj                     220    0         1      
       CLK.obj                        184    0         1      
       SYSTICK.obj                    112    0         1      
       ADAS.obj                       48     0         21     
    +--+------------------------------+------+---------+---------+
       Total:                         6996   666       294    
                                                              
    C:/ti/TivaWare_C_Series-2.1.4.178/driverlib/ccs/Debug/driverlib.lib
       can.obj                        972    32        0      
       interrupt.obj                  156    112       620    
       sysctl.obj                     630    108       0      
       gpio.obj                       438    144       0      
       uart.obj                       268    128       0      
    +--+------------------------------+------+---------+---------+
       Total:                         2464   524       620    
                                                              
    C:\ti\ccs930\ccs\tools\compiler\ti-cgt-arm_18.12.4.LTS\lib\rtsv7M4_T_le_v4SPD16_eabi.lib
       memcpy_t2.asm.obj              156    0         0      
       copy_decompress_lzss.c.obj     104    0         0      
       autoinit.c.obj                 68     0         0      
       u_divt2.asm.obj                64     0         0      
       boot_cortex_m.c.obj            52     0         0      
       copy_zero_init.c.obj           28     0         0      
       copy_decompress_none.c.obj     14     0         0      
       exit.c.obj                     4      0         0      
       pre_init.c.obj                 4      0         0      
       div0.asm.obj                   2      0         0      
    +--+------------------------------+------+---------+---------+
       Total:                         496    0         0      
                                                              
       Stack:                         0      0         512    
       Linker Generated:              0      214       0      
    +--+------------------------------+------+---------+---------+
       Grand Total:                   9956   1404      1426   


LINKER GENERATED COPY TABLES

__TI_cinit_table @ 00002c58 records: 3, size/record: 8, table size: 24
	.data: load addr=00002b98, load size=000000a2 bytes, run addr=20000470, run size=000000b9 bytes, compression=lzss
	.bss: load addr=00002c48, load size=00000008 bytes, run addr=2000052c, run size=0000006d bytes, compression=zero_init
	.vtable: load addr=00002c50, load size=00000008 bytes, run addr=20000000, run size=0000026c bytes, compression=zero_init


LINKER GENERATED HANDLER TABLE

__TI_handler_table @ 00002c3c records: 3, size/record: 4, table size: 12
	index: 0, handler: __TI_zero_init
	index: 1, handler: __TI_decompress_lzss
	index: 2, handler: __TI_decompress_none


GLOBAL SYMBOLS: SORTED ALPHABETICALLY BY Name 

address   name                          
-------   ----                          
00000407  ADAS_Control                  
00002953  C$$EXIT                       
00002037  CALCULATE_Distance            
0000239d  CANBitRateSet                 
0000290b  CANEnable                     
0000266d  CANInit                       
00002825  CANIntClear                   
00002929  CANIntEnable                  
000016fd  CANIntHandler                 
00002847  CANIntStatus                  
00001e19  CANMessageGet                 
00001aa1  CANMessageSet                 
000015c3  CANObject_Init                
000025ad  CANStatusGet                  
00001525  CAN_Init                      
000016a1  CAN_Recieve                   
00001659  CAN_Send                      
000021d9  CLK_Init                      
20000578  CLR_Data                      
0000052d  CONTROLSUB                    
0000026d  CONTROLSUB_Init               
2000057c  DC_Data                       
000011af  DIO_InitPin                   
0000116d  DIO_InitPort                  
00001395  DIO_PinRead                   
00001489  DIO_PinWrite                  
20000580  DST_Data                      
000027ad  GPIODirModeSet                
00001bd7  GPIOPadConfigSet              
000024d9  GPIOPinConfigure              
000028d1  GPIOPinTypeUART               
00002409  IntEnable                     
000026e1  IntRegister                   
00001885  LAMP_Init                     
000019e5  LAMP_Off                      
00001935  LAMP_On                       
000003bf  PROXIMITY_Report              
000028ff  ResetISR                      
0000215b  SWITCH_GetStatus              
000020fd  SWITCH_Init                   
20000584  SW_Data                       
0000237b  SYSTICKIntHandler             
0000232d  SYSTICK_Init                  
00001d09  SysCtlClockGet                
00001f29  SysCtlClockSet                
00002939  SysCtlDelay                   
00002715  SysCtlPeripheralEnable        
000026a9  SysCtlPeripheralPresent       
00002915  UARTCharGet                   
0000291f  UARTCharPut                   
000028e3  UARTCharsAvail                
0000293f  UARTClockSourceSet            
00002521  UARTConfigSetExpClk           
00002869  UARTDisable                   
000028bd  UARTEnable                    
00002945  UARTFIFOLevelSet              
0000294b  UARTIntClear                  
00002931  UARTIntEnable                 
00000c05  UARTIntHandler                
000028a5  UARTIntRegister               
00000cd1  UARTStdioConfig               
20000568  UART_Data                     
00000829  UART_Init                     
00000e17  UARTgetc                      
00000d5d  UARTgets                      
00001137  UARTprintf                    
00000e3d  UARTvprintf                   
00000d17  UARTwrite                     
0000201d  ULTRASONIC_Init               
20000470  __STACK_END                   
00000200  __STACK_SIZE                  
20000470  __STACK_TOP                   
00002c58  __TI_CINIT_Base               
00002c70  __TI_CINIT_Limit              
00002c3c  __TI_Handler_Table_Base       
00002c48  __TI_Handler_Table_Limit      
00002569  __TI_auto_init_nobinit_nopinit
00002471  __TI_decompress_lzss          
000028f1  __TI_decompress_none          
ffffffff  __TI_pprof_out_hndl           
ffffffff  __TI_prof_data_size           
ffffffff  __TI_prof_data_start          
00000000  __TI_static_base__            
00002889  __TI_zero_init_nomemset       
00001f27  __aeabi_idiv0                 
00001f27  __aeabi_ldiv0                 
00002291  __aeabi_memcpy                
00002291  __aeabi_memcpy4               
00002291  __aeabi_memcpy8               
0000262d  __aeabi_uidiv                 
0000262d  __aeabi_uidivmod              
ffffffff  __binit__                     
ffffffff  __c_args__                    
UNDEFED   __mpu_init                    
20000270  __stack                       
00002749  _c_int00_noargs               
UNDEFED   _system_post_cinit            
0000294f  _system_pre_init              
00002953  abort                         
ffffffff  binit                         
2000052c  colourCANMsg                  
20000540  distanceCANMsg                
20000594  e                             
20000595  errFlag                       
20000000  g_pfnRAMVectors               
00000000  g_pfnVectors                  
20000596  i                             
0000277d  main                          
00002291  memcpy                        
20000597  rxFlag                        
20000598  rxFlag_d                      
20000554  switchCANMsg                  


GLOBAL SYMBOLS: SORTED BY Symbol Address 

address   name                          
-------   ----                          
00000000  __TI_static_base__            
00000000  g_pfnVectors                  
00000200  __STACK_SIZE                  
0000026d  CONTROLSUB_Init               
000003bf  PROXIMITY_Report              
00000407  ADAS_Control                  
0000052d  CONTROLSUB                    
00000829  UART_Init                     
00000c05  UARTIntHandler                
00000cd1  UARTStdioConfig               
00000d17  UARTwrite                     
00000d5d  UARTgets                      
00000e17  UARTgetc                      
00000e3d  UARTvprintf                   
00001137  UARTprintf                    
0000116d  DIO_InitPort                  
000011af  DIO_InitPin                   
00001395  DIO_PinRead                   
00001489  DIO_PinWrite                  
00001525  CAN_Init                      
000015c3  CANObject_Init                
00001659  CAN_Send                      
000016a1  CAN_Recieve                   
000016fd  CANIntHandler                 
00001885  LAMP_Init                     
00001935  LAMP_On                       
000019e5  LAMP_Off                      
00001aa1  CANMessageSet                 
00001bd7  GPIOPadConfigSet              
00001d09  SysCtlClockGet                
00001e19  CANMessageGet                 
00001f27  __aeabi_idiv0                 
00001f27  __aeabi_ldiv0                 
00001f29  SysCtlClockSet                
0000201d  ULTRASONIC_Init               
00002037  CALCULATE_Distance            
000020fd  SWITCH_Init                   
0000215b  SWITCH_GetStatus              
000021d9  CLK_Init                      
00002291  __aeabi_memcpy                
00002291  __aeabi_memcpy4               
00002291  __aeabi_memcpy8               
00002291  memcpy                        
0000232d  SYSTICK_Init                  
0000237b  SYSTICKIntHandler             
0000239d  CANBitRateSet                 
00002409  IntEnable                     
00002471  __TI_decompress_lzss          
000024d9  GPIOPinConfigure              
00002521  UARTConfigSetExpClk           
00002569  __TI_auto_init_nobinit_nopinit
000025ad  CANStatusGet                  
0000262d  __aeabi_uidiv                 
0000262d  __aeabi_uidivmod              
0000266d  CANInit                       
000026a9  SysCtlPeripheralPresent       
000026e1  IntRegister                   
00002715  SysCtlPeripheralEnable        
00002749  _c_int00_noargs               
0000277d  main                          
000027ad  GPIODirModeSet                
00002825  CANIntClear                   
00002847  CANIntStatus                  
00002869  UARTDisable                   
00002889  __TI_zero_init_nomemset       
000028a5  UARTIntRegister               
000028bd  UARTEnable                    
000028d1  GPIOPinTypeUART               
000028e3  UARTCharsAvail                
000028f1  __TI_decompress_none          
000028ff  ResetISR                      
0000290b  CANEnable                     
00002915  UARTCharGet                   
0000291f  UARTCharPut                   
00002929  CANIntEnable                  
00002931  UARTIntEnable                 
00002939  SysCtlDelay                   
0000293f  UARTClockSourceSet            
00002945  UARTFIFOLevelSet              
0000294b  UARTIntClear                  
0000294f  _system_pre_init              
00002953  C$$EXIT                       
00002953  abort                         
00002c3c  __TI_Handler_Table_Base       
00002c48  __TI_Handler_Table_Limit      
00002c58  __TI_CINIT_Base               
00002c70  __TI_CINIT_Limit              
20000000  g_pfnRAMVectors               
20000270  __stack                       
20000470  __STACK_END                   
20000470  __STACK_TOP                   
2000052c  colourCANMsg                  
20000540  distanceCANMsg                
20000554  switchCANMsg                  
20000568  UART_Data                     
20000578  CLR_Data                      
2000057c  DC_Data                       
20000580  DST_Data                      
20000584  SW_Data                       
20000594  e                             
20000595  errFlag                       
20000596  i                             
20000597  rxFlag                        
20000598  rxFlag_d                      
ffffffff  __TI_pprof_out_hndl           
ffffffff  __TI_prof_data_size           
ffffffff  __TI_prof_data_start          
ffffffff  __binit__                     
ffffffff  __c_args__                    
ffffffff  binit                         
UNDEFED   __mpu_init                    
UNDEFED   _system_post_cinit            

[112 symbols]
